






  Here is an alphabetical list of birds:

  
    Albatross
    Birds
    Blackbird
    Bluebird
    Cardinal
    Chickadee
    Crane
    Crow
    Cuckoo
    Dove
    Duck
    Eagle
    Egret
    Falcon
    Finch
    Goose
    Gull
    Hawk
    Heron
    Hummingbird
    Ibis
    Kingfisher
    Loon
    Magpie
    Mallard
    Meadowlark
    Mockingbird
    Nighthawk
    Osprey
    Owl
    Pelican
    Pheasant
    Pigeon
    Puffin
    Quail
    Raven
    Roadrunner
    Robin
    Sandpiper
    Sparrow
    Starling
    Stork
    Swallow
    Swan
    Tern
    Turkey
    Vulture
    Warbler
    Woodpecker
    Wren
    Yellowthroat
  

  

  
    Home
  

