

  
  
  
    
    Hello World!
    Hello, world. Hello... World? HELLO WORLD!

    
  
