





  
    
      RFCs
    
  

  
    UTF-8, a transformation format of ISO 10646 (2003)
    RFC 475: FTP and Network Mail System (1973)
    RFC 5646: Tags for Identifying Languages (2009)
    
    RFC 6805: The Application of the Path Computation Element Architecture to the Determination of a Sequence of Domains in MPLS and GMPLS (2012)
    RFC 6838: Media Type Specifications and Registration Procedures (2013)
    RFC 7231: Hypertext Transfer Protocol (HTTP/1.1): Semantics and Content (2014)
  

  Top

