

  

  
    
      antelope
      =>antelope<=
      @antelope
      antelope&
      antelope42
      antelöpé
    
  
