





  
    Yellowthroat is a common type of bird.
  

  
    Home
  

